============================= test session starts =============================
platform win32 -- Python 3.11.0, pytest-7.4.3, pluggy-1.6.0 -- C:\Users\en4ro\AppData\Local\Programs\Python\Python311\python.exe
cachedir: .pytest_cache
rootdir: C:\Users\en4ro\Desktop\şevvalödev
plugins: anyio-3.7.1, asyncio-0.21.1, mock-3.12.0
asyncio: mode=Mode.STRICT
collecting ... collected 18 items

src/tests/test_algorithms.py::TestAStar::test_path_finding_basic PASSED  [  5%]
src/tests/test_algorithms.py::TestAStar::test_path_finding_with_obstacles PASSED [ 11%]
src/tests/test_algorithms.py::TestGeneticAlgorithm::test_population_generation PASSED [ 16%]
src/tests/test_algorithms.py::TestGeneticAlgorithm::test_fitness_calculation PASSED [ 22%]
src/tests/test_algorithms.py::TestGeneticAlgorithm::test_crossover_operation PASSED [ 27%]
src/tests/test_algorithms.py::TestGeneticAlgorithm::test_mutation_operation PASSED [ 33%]
src/tests/test_models_and_generator.py::test_drone_initialization PASSED [ 38%]
src/tests/test_models_and_generator.py::test_drone_energy_calculation PASSED [ 44%]
src/tests/test_models_and_generator.py::test_delivery_point_time_window PASSED [ 50%]
src/tests/test_models_and_generator.py::test_no_fly_zone_point_containment PASSED [ 55%]
src/tests/test_models_and_generator.py::test_data_generator PASSED       [ 61%]
src/tests/test_models_and_generator.py::test_full_scenario_generation PASSED [ 66%]
src/tests/test_scenarios.py::test_scenario_1_data_generation PASSED      [ 72%]
src/tests/test_scenarios.py::test_scenario_2_data_generation PASSED      [ 77%]
src/tests/test_scenarios.py::test_scenario_time_constraints PASSED       [ 83%]
src/tests/test_scenarios.py::test_drone_capacity_constraints PASSED      [ 88%]
src/tests/test_scenarios.py::test_performance_metrics PASSED             [ 94%]
src/tests/test_scenarios.py::test_no_fly_zone_intersection PASSED        [100%]

============================= 18 passed in 0.07s ==============================
